run=32849731353 job=Windows ref=fix/d529-desktop-ci

════════ step-backend.log (tail 200) ════════
npm warn EBADENGINE Unsupported engine {
npm warn EBADENGINE   package: '@unblessed/core@1.0.0-alpha.23',
npm warn EBADENGINE   required: { node: '>= 22.0.0' },
npm warn EBADENGINE   current: { node: 'v20.20.2', npm: '10.8.2' }
npm warn EBADENGINE }
npm warn EBADENGINE Unsupported engine {
npm warn EBADENGINE   package: '@unblessed/node@1.0.0-alpha.23',
npm warn EBADENGINE   required: { node: '>= 22.0.0' },
npm warn EBADENGINE   current: { node: 'v20.20.2', npm: '10.8.2' }
npm warn EBADENGINE }
npm warn deprecated rimraf@3.0.2: Rimraf versions prior to v4 are no longer supported
npm warn deprecated npmlog@6.0.2: This package is no longer supported.
npm warn deprecated inflight@1.0.6: This module is not supported, and leaks memory. Do not use it. Check out lru-cache if you want a good and tested way to coalesce async requests by a key value, which is much more comprehensive and powerful.
npm warn deprecated lodash.isequal@4.5.0: This package is deprecated. Use require('node:util').isDeepStrictEqual instead.
npm warn deprecated @npmcli/move-file@2.0.1: This functionality has been moved to @npmcli/fs
npm warn deprecated glob@7.2.3: Old versions of glob are not supported, and contain widely publicized security vulnerabilities, which have been fixed in the current version. Please update. Support for old versions may be purchased (at exorbitant rates) by contacting i@izs.me
npm warn deprecated glob@8.1.0: Old versions of glob are not supported, and contain widely publicized security vulnerabilities, which have been fixed in the current version. Please update. Support for old versions may be purchased (at exorbitant rates) by contacting i@izs.me
npm warn deprecated are-we-there-yet@3.0.1: This package is no longer supported.
npm warn deprecated prebuild-install@7.1.3: No longer maintained. Please contact the author of the relevant native addon; alternatives are available.
npm warn deprecated gauge@4.0.4: This package is no longer supported.
npm warn deprecated boolean@3.2.0: Package no longer supported. Contact Support at https://www.npmjs.com/support for more info.
npm warn deprecated tar@6.2.1: Old versions of tar are not supported, and contain widely publicized security vulnerabilities, which have been fixed in the current version. Please update. Support for old versions may be purchased (at exorbitant rates) by contacting i@izs.me
npm warn deprecated glob@10.5.0: Old versions of glob are not supported, and contain widely publicized security vulnerabilities, which have been fixed in the current version. Please update. Support for old versions may be purchased (at exorbitant rates) by contacting i@izs.me
npm warn cleanup Failed to remove some directories [
npm warn cleanup   [
npm warn cleanup     'D:\\a\\SynovaAgent\\SynovaAgent\\node_modules\\@rolldown',
npm warn cleanup     [Error: EPERM: operation not permitted, rmdir 'D:\a\SynovaAgent\SynovaAgent\node_modules\@rolldown\binding-wasm32-wasi'] {
npm warn cleanup       errno: -4048,
npm warn cleanup       code: 'EPERM',
npm warn cleanup       syscall: 'rmdir',
npm warn cleanup       path: 'D:\\a\\SynovaAgent\\SynovaAgent\\node_modules\\@rolldown\\binding-wasm32-wasi'
npm warn cleanup     }
npm warn cleanup   ],
npm warn cleanup   [
npm warn cleanup     'D:\\a\\SynovaAgent\\SynovaAgent\\node_modules',
npm warn cleanup     [Error: EPERM: operation not permitted, rmdir 'D:\a\SynovaAgent\SynovaAgent\node_modules\dir-compare'] {
npm warn cleanup       errno: -4048,
npm warn cleanup       code: 'EPERM',
npm warn cleanup       syscall: 'rmdir',
npm warn cleanup       path: 'D:\\a\\SynovaAgent\\SynovaAgent\\node_modules\\dir-compare'
npm warn cleanup     }
npm warn cleanup   ]
npm warn cleanup ]
npm error code 1
npm error path D:\a\SynovaAgent\SynovaAgent\node_modules\better-sqlite3
npm error command failed
npm error command C:\Windows\system32\cmd.exe /d /s /c prebuild-install || node-gyp rebuild --release
npm error prebuild-install warn install No prebuilt binaries found (target=20.20.2 runtime=node arch=x64 libc= platform=win32)
npm error gyp info it worked if it ends with ok
npm error gyp info using node-gyp@9.4.1
npm error gyp info using node@20.20.2 | win32 | x64
npm error gyp info find Python using Python version 3.11.9 found at "C:\hostedtoolcache\windows\Python\3.11.9\x64\python3.exe"
npm error gyp http GET https://nodejs.org/download/release/v20.20.2/node-v20.20.2-headers.tar.gz
npm error gyp http 200 https://nodejs.org/download/release/v20.20.2/node-v20.20.2-headers.tar.gz
npm error gyp http GET https://nodejs.org/download/release/v20.20.2/SHASUMS256.txt
npm error gyp http GET https://nodejs.org/download/release/v20.20.2/win-x64/node.lib
npm error gyp http 200 https://nodejs.org/download/release/v20.20.2/SHASUMS256.txt
npm error gyp http 200 https://nodejs.org/download/release/v20.20.2/win-x64/node.lib
npm error gyp ERR! find VS 
npm error gyp ERR! find VS msvs_version not set from command line or npm config
npm error gyp ERR! find VS VCINSTALLDIR not set, not running in VS Command Prompt
npm error gyp ERR! find VS unknown version "undefined" found at "C:\Program Files\Microsoft Visual Studio\18\Enterprise"
npm error gyp ERR! find VS could not find a version of Visual Studio 2017 or newer to use
npm error gyp ERR! find VS not looking for VS2015 as it is only supported up to Node.js 18
npm error gyp ERR! find VS not looking for VS2013 as it is only supported up to Node.js 8
npm error gyp ERR! find VS 
npm error gyp ERR! find VS **************************************************************
npm error gyp ERR! find VS You need to install the latest version of Visual Studio
npm error gyp ERR! find VS including the "Desktop development with C++" workload.
npm error gyp ERR! find VS For more information consult the documentation at:
npm error gyp ERR! find VS https://github.com/nodejs/node-gyp#on-windows
npm error gyp ERR! find VS **************************************************************
npm error gyp ERR! find VS 
npm error gyp ERR! configure error 
npm error gyp ERR! stack Error: Could not find any Visual Studio installation to use
npm error gyp ERR! stack     at VisualStudioFinder.fail (D:\a\SynovaAgent\SynovaAgent\node_modules\node-gyp\lib\find-visualstudio.js:122:47)
npm error gyp ERR! stack     at D:\a\SynovaAgent\SynovaAgent\node_modules\node-gyp\lib\find-visualstudio.js:75:16
npm error gyp ERR! stack     at VisualStudioFinder.findVisualStudio2013 (D:\a\SynovaAgent\SynovaAgent\node_modules\node-gyp\lib\find-visualstudio.js:380:14)
npm error gyp ERR! stack     at D:\a\SynovaAgent\SynovaAgent\node_modules\node-gyp\lib\find-visualstudio.js:71:14
npm error gyp ERR! stack     at VisualStudioFinder.findVisualStudio2015 (D:\a\SynovaAgent\SynovaAgent\node_modules\node-gyp\lib\find-visualstudio.js:364:14)
npm error gyp ERR! stack     at D:\a\SynovaAgent\SynovaAgent\node_modules\node-gyp\lib\find-visualstudio.js:67:12
npm error gyp ERR! stack     at VisualStudioFinder.parseData (D:\a\SynovaAgent\SynovaAgent\node_modules\node-gyp\lib\find-visualstudio.js:237:5)
npm error gyp ERR! stack     at D:\a\SynovaAgent\SynovaAgent\node_modules\node-gyp\lib\find-visualstudio.js:143:14
npm error gyp ERR! stack     at ChildProcess.exithandler (node:child_process:414:7)
npm error gyp ERR! stack     at ChildProcess.emit (node:events:524:28)
npm error gyp ERR! stack     at maybeClose (node:internal/child_process:1104:16)
npm error gyp ERR! stack     at ChildProcess._handle.onexit (node:internal/child_process:304:5)
npm error gyp ERR! System Windows_NT 10.0.26100
npm error gyp ERR! command "C:\\hostedtoolcache\\windows\\node\\20.20.2\\x64\\node.exe" "D:\\a\\SynovaAgent\\SynovaAgent\\node_modules\\node-gyp\\bin\\node-gyp.js" "rebuild" "--release"
npm error gyp ERR! cwd D:\a\SynovaAgent\SynovaAgent\node_modules\better-sqlite3
npm error gyp ERR! node -v v20.20.2
npm error gyp ERR! node-gyp -v v9.4.1
npm error gyp ERR! not ok
npm error A complete log of this run can be found in: C:\npm\cache\_logs\2026-08-25T12_49_39_423Z-debug-0.log

════════ step-renderer.log (tail 200) ════════
(missing)

════════ step-installer.log (tail 200) ════════
(missing)
