run=32852284833 job=Windows ref=fix/d529-desktop-ci

════════ step-backend.log (tail 200) ════════
npm warn deprecated rimraf@3.0.2: Rimraf versions prior to v4 are no longer supported
npm warn deprecated npmlog@6.0.2: This package is no longer supported.
npm warn deprecated lodash.isequal@4.5.0: This package is deprecated. Use require('node:util').isDeepStrictEqual instead.
npm warn deprecated inflight@1.0.6: This module is not supported, and leaks memory. Do not use it. Check out lru-cache if you want a good and tested way to coalesce async requests by a key value, which is much more comprehensive and powerful.
npm warn deprecated glob@7.2.3: Old versions of glob are not supported, and contain widely publicized security vulnerabilities, which have been fixed in the current version. Please update. Support for old versions may be purchased (at exorbitant rates) by contacting i@izs.me
npm warn deprecated @npmcli/move-file@2.0.1: This functionality has been moved to @npmcli/fs
npm warn deprecated prebuild-install@7.1.3: No longer maintained. Please contact the author of the relevant native addon; alternatives are available.
npm warn deprecated are-we-there-yet@3.0.1: This package is no longer supported.
npm warn deprecated glob@8.1.0: Old versions of glob are not supported, and contain widely publicized security vulnerabilities, which have been fixed in the current version. Please update. Support for old versions may be purchased (at exorbitant rates) by contacting i@izs.me
npm warn deprecated gauge@4.0.4: This package is no longer supported.
npm warn deprecated boolean@3.2.0: Package no longer supported. Contact Support at https://www.npmjs.com/support for more info.
npm warn deprecated tar@6.2.1: Old versions of tar are not supported, and contain widely publicized security vulnerabilities, which have been fixed in the current version. Please update. Support for old versions may be purchased (at exorbitant rates) by contacting i@izs.me
npm warn deprecated glob@10.5.0: Old versions of glob are not supported, and contain widely publicized security vulnerabilities, which have been fixed in the current version. Please update. Support for old versions may be purchased (at exorbitant rates) by contacting i@izs.me

> synova-agent@0.1.0 postinstall
> patch-package

patch-package 8.0.1
Applying patches...
ink@5.2.1 ✔

added 706 packages, and audited 707 packages in 25s

124 packages are looking for funding
  run `npm fund` for details

17 vulnerabilities (16 high, 1 critical)

To address issues that do not require attention, run:
  npm audit fix

To address all issues (including breaking changes), run:
  npm audit fix --force

Run `npm audit` for details.

> synova-agent@0.1.0 build:backend
> bash scripts/desktop/build-backend.sh

[build-backend] dist/backend.mjs OK (4.9M)

════════ step-renderer.log (tail 200) ════════

added 149 packages, and audited 150 packages in 5s

73 packages are looking for funding
  run `npm fund` for details

4 vulnerabilities (1 moderate, 3 high)

To address issues that do not require attention, run:
  npm audit fix

To address all issues (including breaking changes), run:
  npm audit fix --force

Run `npm audit` for details.

> synova-renderer@0.1.0 build
> tsc && vite build

[36mvite v5.4.21 [32mbuilding for production...[36m[39m
transforming...
[32m✓[39m 226 modules transformed.
rendering chunks...
computing gzip size...
[2m../dist/renderer/[22m[32mindex.html                 [39m[1m[2m  0.63 kB[22m[1m[22m[2m │ gzip:  0.40 kB[22m
[2m../dist/renderer/[22m[35massets/index-BNMaKg6f.css  [39m[1m[2m 22.37 kB[22m[1m[22m[2m │ gzip:  4.38 kB[22m
[2m../dist/renderer/[22m[36massets/index-CcGNq11x.js   [39m[1m[2m305.93 kB[22m[1m[22m[2m │ gzip: 97.79 kB[22m
[32m✓ built in 1.72s[39m

════════ step-installer.log (tail 200) ════════
  • electron-builder  version=25.1.8 os=10.0.26100
  • artifacts will be published if draft release exists  reason=CI detected
  • loaded configuration  file=D:\a\SynovaAgent\SynovaAgent\build-synova.cjs
  • author is missed in the package.json  appPackageFile=D:\a\SynovaAgent\SynovaAgent\package.json
  • executing @electron/rebuild  electronVersion=33.4.11 arch=x64 buildFromSource=false appDir=./
  • installing native dependencies  arch=x64
  • preparing       moduleName=bcrypt arch=x64
  ⨯ (node:6224) [DEP0060] DeprecationWarning: The `util._extend` API is deprecated. Please use Object.assign() instead.
(Use `node --trace-deprecation ...` to show where the warning was created)
Error: Could not find any Visual Studio installation to use
    at VisualStudioFinder.fail (D:\a\SynovaAgent\SynovaAgent\node_modules\node-gyp\lib\find-visualstudio.js:122:47)
    at D:\a\SynovaAgent\SynovaAgent\node_modules\node-gyp\lib\find-visualstudio.js:75:16
    at VisualStudioFinder.findVisualStudio2013 (D:\a\SynovaAgent\SynovaAgent\node_modules\node-gyp\lib\find-visualstudio.js:380:14)
    at D:\a\SynovaAgent\SynovaAgent\node_modules\node-gyp\lib\find-visualstudio.js:71:14
    at VisualStudioFinder.findVisualStudio2015 (D:\a\SynovaAgent\SynovaAgent\node_modules\node-gyp\lib\find-visualstudio.js:364:14)
    at D:\a\SynovaAgent\SynovaAgent\node_modules\node-gyp\lib\find-visualstudio.js:67:12
    at VisualStudioFinder.parseData (D:\a\SynovaAgent\SynovaAgent\node_modules\node-gyp\lib\find-visualstudio.js:237:5)
    at D:\a\SynovaAgent\SynovaAgent\node_modules\node-gyp\lib\find-visualstudio.js:143:14
    at ChildProcess.exithandler (node:child_process:410:7)
    at ChildProcess.emit (node:events:519:28)
    at maybeClose (node:internal/child_process:1101:16)
    at ChildProcess._handle.onexit (node:internal/child_process:304:5)


  ⨯ node-gyp failed to rebuild 'D:\a\SynovaAgent\SynovaAgent\node_modules\bcrypt'  failedTask=build stackTrace=Error: node-gyp failed to rebuild 'D:\a\SynovaAgent\SynovaAgent\node_modules\bcrypt'
    at ChildProcess.<anonymous> (D:\a\SynovaAgent\SynovaAgent\node_modules\@electron\rebuild\lib\module-type\node-gyp\node-gyp.js:121:24)
    at ChildProcess.emit (node:events:519:28)
    at ChildProcess._handle.onexit (node:internal/child_process:293:12)
