run=32866432326 job=Windows ref=fix/d529-desktop-ci

════════ step-backend.log (tail 200) ════════
npm warn deprecated rimraf@3.0.2: Rimraf versions prior to v4 are no longer supported
npm warn deprecated npmlog@6.0.2: This package is no longer supported.
npm warn deprecated @npmcli/move-file@2.0.1: This functionality has been moved to @npmcli/fs
npm warn deprecated inflight@1.0.6: This module is not supported, and leaks memory. Do not use it. Check out lru-cache if you want a good and tested way to coalesce async requests by a key value, which is much more comprehensive and powerful.
npm warn deprecated lodash.isequal@4.5.0: This package is deprecated. Use require('node:util').isDeepStrictEqual instead.
npm warn deprecated glob@7.2.3: Old versions of glob are not supported, and contain widely publicized security vulnerabilities, which have been fixed in the current version. Please update. Support for old versions may be purchased (at exorbitant rates) by contacting i@izs.me
npm warn deprecated glob@8.1.0: Old versions of glob are not supported, and contain widely publicized security vulnerabilities, which have been fixed in the current version. Please update. Support for old versions may be purchased (at exorbitant rates) by contacting i@izs.me
npm warn deprecated are-we-there-yet@3.0.1: This package is no longer supported.
npm warn deprecated prebuild-install@7.1.3: No longer maintained. Please contact the author of the relevant native addon; alternatives are available.
npm warn deprecated boolean@3.2.0: Package no longer supported. Contact Support at https://www.npmjs.com/support for more info.
npm warn deprecated gauge@4.0.4: This package is no longer supported.
npm warn deprecated tar@6.2.1: Old versions of tar are not supported, and contain widely publicized security vulnerabilities, which have been fixed in the current version. Please update. Support for old versions may be purchased (at exorbitant rates) by contacting i@izs.me
npm warn deprecated glob@10.5.0: Old versions of glob are not supported, and contain widely publicized security vulnerabilities, which have been fixed in the current version. Please update. Support for old versions may be purchased (at exorbitant rates) by contacting i@izs.me

> synova-agent@0.1.0 postinstall
> patch-package

patch-package 8.0.1
Applying patches...
ink@5.2.1 ✔

added 706 packages, and audited 707 packages in 28s

124 packages are looking for funding
  run `npm fund` for details

17 vulnerabilities (16 high, 1 critical)

To address issues that do not require attention, run:
  npm audit fix

To address all issues (including breaking changes), run:
  npm audit fix --force

Run `npm audit` for details.

> synova-agent@0.1.0 build:backend
> bash scripts/desktop/build-backend.sh

[build-backend] dist/backend.mjs OK (4.9M)

════════ step-renderer.log (tail 200) ════════

added 149 packages, and audited 150 packages in 5s

73 packages are looking for funding
  run `npm fund` for details

4 vulnerabilities (1 moderate, 3 high)

To address issues that do not require attention, run:
  npm audit fix

To address all issues (including breaking changes), run:
  npm audit fix --force

Run `npm audit` for details.

> synova-renderer@0.1.0 build
> tsc && vite build

[36mvite v5.4.21 [32mbuilding for production...[36m[39m
transforming...
[32m✓[39m 226 modules transformed.
rendering chunks...
computing gzip size...
[2m../dist/renderer/[22m[32mindex.html                 [39m[1m[2m  0.63 kB[22m[1m[22m[2m │ gzip:  0.40 kB[22m
[2m../dist/renderer/[22m[35massets/index-BNMaKg6f.css  [39m[1m[2m 22.37 kB[22m[1m[22m[2m │ gzip:  4.38 kB[22m
[2m../dist/renderer/[22m[36massets/index-CcGNq11x.js   [39m[1m[2m305.93 kB[22m[1m[22m[2m │ gzip: 97.79 kB[22m
[32m✓ built in 1.62s[39m

════════ step-prep-nodegyp.log (tail 200) ════════

added 14 packages, changed 5 packages, and audited 721 packages in 5s

124 packages are looking for funding
  run `npm fund` for details

17 vulnerabilities (16 high, 1 critical)

To address issues that do not require attention, run:
  npm audit fix

To address all issues (including breaking changes), run:
  npm audit fix --force

Run `npm audit` for details.

════════ step-prep-rebuild.log (tail 200) ════════
- Searching dependency tree

════════ step-installer.log (tail 200) ════════
(missing)
